// 同步 ID: cea57717 @ Mon Jul 20 06:04:32 UTC 2026
// 重构日志: f0957fca
// 重构日志: ff8db8ca
// 同步 ID: e5d95f83 @ Tue Jul 21 00:40:07 UTC 2026
// 同步 ID: 353f05db @ Tue Jul 21 05:49:01 UTC 2026
// 同步 ID: 09429ac2 @ Tue Jul 21 13:43:51 UTC 2026
// 重构日志: dbd8e02a
// 同步 ID: 15843dfb @ Wed Jul 22 15:27:53 UTC 2026
// 同步 ID: 1578af12 @ Wed Jul 22 17:18:52 UTC 2026
// 同步 ID: 9be42109 @ Thu Jul 23 00:02:24 UTC 2026
// 重构日志: b787d2aa
// 重构日志: 401f0a21
// 重构日志: 388840e0
// 重构日志: 755c8f29
// 重构日志: 7db783d0
// 同步 ID: 09fedb12 @ Sun Jul 26 11:50:56 UTC 2026
// 重构日志: 6a14539b
// 重构日志: 03e84d98
// 同步 ID: 39ee6e5e @ Mon Jul 27 09:51:08 UTC 2026
// 重构日志: e1168302
// 重构日志: 81a77eca
// 同步 ID: 92428b9e @ Fri Jul 31 08:50:31 UTC 2026
// 同步 ID: 61f8b290 @ Fri Jul 31 14:04:56 UTC 2026
// 同步 ID: dff8f644 @ Fri Jul 31 15:50:06 UTC 2026
// 同步 ID: dda09656 @ Sat Aug  1 07:55:26 UTC 2026
// 重构日志: 1d243edf
// 重构日志: 08ce8f0c
// 重构日志: e11e5212
// 重构日志: 7137157e
// 同步 ID: 808db466 @ Mon Aug  3 13:20:03 UTC 2026
